// Jest Snapshot v1, https://goo.gl/fbAQLP

exports[`Input renders a select input with 2 items 1`] = `
<div
  style={
    Object {
      "display": "flex",
      "flexDirection": "column",
      "width": "50%",
    }
  }
>
  <p
    className="MuiTypography-root MuiTypography-body2 Input-label-1"
  >
    Gender
  </p>
  <div
    className="MuiFormControl-root MuiTextField-root MuiFormControl-marginDense MuiFormControl-fullWidth"
  >
    <div
      className="MuiInputBase-root MuiOutlinedInput-root MuiInputBase-fullWidth MuiInputBase-formControl MuiInputBase-marginDense MuiOutlinedInput-marginDense"
      onClick={[Function]}
      style={
        Object {
          "fontSize": 14,
          "height": 45,
        }
      }
    >
      <div
        aria-haspopup="listbox"
        className="MuiSelect-root MuiSelect-select MuiSelect-selectMenu MuiInputBase-input MuiOutlinedInput-input MuiInputBase-inputSelect MuiOutlinedInput-inputSelect MuiInputBase-inputMarginDense MuiOutlinedInput-inputMarginDense MuiSelect-outlined"
        onBlur={[Function]}
        onClick={[Function]}
        onFocus={[Function]}
        onKeyDown={[Function]}
        role="button"
        tabIndex={0}
      >
        <span
          dangerouslySetInnerHTML={
            Object {
              "__html": "&#8203;",
            }
          }
        />
      </div>
      <input
        aria-label="input"
        rows=""
        type="hidden"
        value=""
      />
      <svg
        aria-hidden="true"
        className="MuiSvgIcon-root MuiSelect-icon"
        focusable="false"
        role="presentation"
        viewBox="0 0 24 24"
      >
        <path
          d="M7 10l5 5 5-5z"
        />
      </svg>
      <fieldset
        aria-hidden={true}
        className="PrivateNotchedOutline-root-70 MuiOutlinedInput-notchedOutline"
        style={
          Object {
            "paddingLeft": 8,
          }
        }
      >
        <legend
          className="PrivateNotchedOutline-legend-71"
          style={
            Object {
              "width": 0.01,
            }
          }
        >
          <span
            dangerouslySetInnerHTML={
              Object {
                "__html": "&#8203;",
              }
            }
          />
        </legend>
      </fieldset>
    </div>
  </div>
</div>
`;

exports[`Input renders a text input with no children 1`] = `
<div
  style={
    Object {
      "display": "flex",
      "flexDirection": "column",
      "width": "100%",
    }
  }
>
  <p
    className="MuiTypography-root MuiTypography-body2 Input-label-1"
  />
  <div
    className="MuiFormControl-root MuiTextField-root MuiFormControl-marginDense MuiFormControl-fullWidth"
  >
    <div
      className="MuiInputBase-root MuiOutlinedInput-root MuiInputBase-fullWidth MuiInputBase-formControl MuiInputBase-marginDense MuiOutlinedInput-marginDense"
      onClick={[Function]}
      style={
        Object {
          "fontSize": 14,
          "height": 45,
        }
      }
    >
      <input
        aria-invalid={false}
        aria-label="input"
        className="MuiInputBase-input MuiOutlinedInput-input MuiInputBase-inputMarginDense MuiOutlinedInput-inputMarginDense"
        disabled={false}
        onBlur={[Function]}
        onChange={[Function]}
        onFocus={[Function]}
        required={false}
        rows=""
        type="text"
      />
      <fieldset
        aria-hidden={true}
        className="PrivateNotchedOutline-root-70 MuiOutlinedInput-notchedOutline"
        style={
          Object {
            "paddingLeft": 8,
          }
        }
      >
        <legend
          className="PrivateNotchedOutline-legend-71"
          style={
            Object {
              "width": 0.01,
            }
          }
        >
          <span
            dangerouslySetInnerHTML={
              Object {
                "__html": "&#8203;",
              }
            }
          />
        </legend>
      </fieldset>
    </div>
  </div>
</div>
`;
